attribute \module_not_derived 1
cell \SB_RGBA_DRV \RGBA_DRIVER

  parameter \CURRENT_MODE "0b1"
  parameter \RGB0_CURRENT "0b111111"
  parameter \RGB1_CURRENT "0b111111"
  parameter \RGB2_CURRENT "0b111111"
  connect \CURREN 1'1
  connect \RGB0 \red
  connect \RGB0PWM \pwm_r
  connect \RGB1 \green
  connect \RGB1PWM \pwm_g
  connect \RGB2 \blue
  connect \RGB2PWM \pwm_b
  connect \RGBLEDEN 1'1

end
